2026-08-28 08:00:01 [INFO] [OrderService] Initializing order processing subsystem.
2026-08-28 08:00:02 [DEBUG] [DatabasePool] Connecting to database cluster at 10.0.1.45:5432.
2026-08-28 08:00:03 [TRACE] [DatabasePool] Active pool connections: 1. Idle: 19.
2026-08-28 08:00:05 [INFO] [CacheManager] Redis cache cluster connected successfully.
2026-08-28 08:00:10 [DEBUG] [CacheManager] Cache hit for key: settings:v2:global.
2026-08-28 08:00:12 [INFO] [UserService] User ID 99422 logged in from IP 192.168.1.105.
2026-08-28 08:01:01 [TRACE] [OrderService] Validating payload for transaction_id: tx_884920.
2026-08-28 08:01:02 [DEBUG] [OrderService] Payload verified. Schema version: 1.4.
2026-08-28 08:01:03 [INFO] [OrderService] Order tx_884920 received. Total amount: $149.99.
2026-08-28 08:01:04 [DEBUG] [PaymentGateway] Initiating authorization with external processor AcmePay.
2026-08-28 08:01:06 [WARN] [PaymentGateway] Connection timeout to AcmePay API primary endpoint. Retrying on secondary...
2026-08-28 08:01:08 [DEBUG] [PaymentGateway] Retry payload sent to fallback endpoint.
2026-08-28 08:01:10 [INFO] [PaymentGateway] Payment authorized for tx_884920. Auth code: AUTH_7721.
2026-08-28 08:01:11 [TRACE] [InventoryService] Checking stock levels for SKU: SKU-66291-M.
2026-08-28 08:01:11 [DEBUG] [InventoryService] SKU-66291-M stock count: 14. Allocation confirmed.
2026-08-28 08:01:12 [INFO] [InventoryService] Stock allocated for order tx_884920.
2026-08-28 08:01:15 [INFO] [NotificationService] Dispatching order confirmation email to user 99422.
2026-08-28 08:01:16 [TRACE] [NotificationService] Building SMTP mime payload from templates/order_conf.html.
2026-08-28 08:02:22 [INFO] [UserService] User ID 11043 initiated password reset request.
2026-08-28 08:02:25 [DEBUG] [UserService] Verification token generated and hashed. expiry=15m.
2026-08-28 08:02:30 [WARN] [NotificationService] Email delivery delayed for user 11043. SMTP Server returned 421 (Greylisting).
2026-08-28 08:03:01 [INFO] [CronScheduler] Job 'PurgeExpiredSessions' started.
2026-08-28 08:03:02 [TRACE] [SessionManager] Scanning memory table for sessions older than 24 hours.
2026-08-28 08:03:05 [DEBUG] [SessionManager] Found 432 expired sessions. Executing bulk deletion.
2026-08-28 08:03:07 [INFO] [CronScheduler] Job 'PurgeExpiredSessions' completed. Removed 432 entries.
2026-08-28 08:04:14 [INFO] [UserService] User ID 44310 logged in from IP 203.0.113.88.
2026-08-28 08:04:18 [DEBUG] [DatabasePool] Borrowing connection from pool. Active: 2.
2026-08-28 08:04:19 [TRACE] [DatabasePool] Connection handle #14 assigned to [UserService].
2026-08-28 08:04:45 [ERROR] [OrderService] Failed to process order tx_884921. Insufficient stock for SKU-99011-L.
2026-08-28 08:04:45 [INFO] [OrderService] Rolling back transaction state for tx_884921.
2026-08-28 08:04:46 [DEBUG] [DatabasePool] Releasing connection handle #14 back to pool.
2026-08-28 08:05:00 [INFO] [MetricsCollector] Flushing performance metrics data to Prometheus agent.
2026-08-28 08:05:01 [TRACE] [MetricsCollector] System metrics: cpu_util=12.4%, mem_util=64.1%, disk_io=2.1MB/s.
2026-08-28 08:06:12 [WARN] [HttpClient] High latency detected on downstream service 'TaxCloud' (Response time: 2450ms).
2026-08-28 08:06:15 [INFO] [UserService] User ID 88402 logged in from IP 198.51.100.12.
2026-08-28 08:07:33 [DEBUG] [CacheManager] Cache miss for key: products:categories:all. Fetching from database.
2026-08-28 08:07:34 [TRACE] [DatabasePool] SQL executed: SELECT * FROM categories WHERE active = true;
2026-08-28 08:07:35 [DEBUG] [CacheManager] Populated key: products:categories:all in cache. Expiry set to 3600s.
2026-08-28 08:08:19 [INFO] [OrderService] Order tx_884922 received. Total amount: $45.00.
2026-08-28 08:08:20 [DEBUG] [PaymentGateway] Initiating authorization with external processor AcmePay.
2026-08-28 08:08:22 [INFO] [PaymentGateway] Payment authorized for tx_884922. Auth code: AUTH_8901.
2026-08-28 08:08:23 [INFO] [InventoryService] Stock allocated for order tx_884922.
2026-08-28 08:09:05 [WARN] [SecurityService] Failed login attempt for username 'admin' from IP 198.51.100.45. Invalid credentials.
2026-08-28 08:09:10 [WARN] [SecurityService] Failed login attempt for username 'admin' from IP 198.51.100.45. Invalid credentials.
2026-08-28 08:09:15 [WARN] [SecurityService] Failed login attempt for username 'admin' from IP 198.51.100.45. Invalid credentials.
2026-08-28 08:09:16 [ERROR] [SecurityService] Rate limit triggered for IP 198.51.100.45. Blocking source for 15 minutes.
2026-08-28 08:10:00 [INFO] [MetricsCollector] Flushing performance metrics data to Prometheus agent.
2026-08-28 08:10:01 [TRACE] [MetricsCollector] System metrics: cpu_util=14.8%, mem_util=64.3%, disk_io=1.8MB/s.
2026-08-28 08:10:55 [INFO] [AnalyticsService] Batch event sync pipeline initialized.
2026-08-28 08:11:00 [TRACE] [AnalyticsService] Reading events from local buffer partition_0.
2026-08-28 08:11:05 [DEBUG] [AnalyticsService] Uploading block of 1500 records to Amazon S3 staging.
2026-08-28 08:11:08 [INFO] [AnalyticsService] Successfully pushed 1500 records to S3 bucket 'company-dw-prod'.
2026-08-28 08:12:12 [INFO] [UserService] User ID 12554 logged in from IP 203.0.113.111.
2026-08-28 08:12:44 [DEBUG] [CacheManager] Cache hit for key: user:profile:12554.
2026-08-28 08:13:22 [INFO] [OrderService] Order tx_884923 received. Total amount: $12.50.
2026-08-28 08:13:25 [INFO] [PaymentGateway] Payment authorized for tx_884923. Auth code: AUTH_4412.
2026-08-28 08:13:26 [INFO] [InventoryService] Stock allocated for order tx_884923.
2026-08-28 08:14:02 [WARN] [DatabasePool] Pool connection check-out time exceeded target threshold (120ms). Actual: 450ms.
2026-08-28 08:14:03 [DEBUG] [DatabasePool] Active connections count: 18. Maximum limit: 20.
2026-08-28 08:14:55 [INFO] [UploadService] File upload started by user 12554. filename='avatar.png'.
2026-08-28 08:14:56 [TRACE] [UploadService] Streaming file multi-part content stream block.
2026-08-28 08:14:57 [DEBUG] [UploadService] Content validated. type='image/png', size=142KB.
2026-08-28 08:14:59 [INFO] [UploadService] File successfully stored in cloud repository path /avatars/12554_v1.png.
2026-08-28 08:15:00 [INFO] [MetricsCollector] Flushing performance metrics data to Prometheus agent.
2026-08-28 08:15:01 [TRACE] [MetricsCollector] System metrics: cpu_util=32.1%, mem_util=65.2%, disk_io=14.5MB/s.
2026-08-28 08:16:11 [INFO] [UserService] User ID 65510 logged in from IP 192.168.1.189.
2026-08-28 08:16:34 [WARN] [SessionManager] Session validation request received for invalid or expired token token_9912aa.
2026-08-28 08:17:02 [DEBUG] [CacheManager] Cache hit for key: configuration:ui_theme.
2026-08-28 08:18:41 [INFO] [OrderService] Order tx_884924 received. Total amount: $1200.00.
2026-08-28 08:18:42 [DEBUG] [PaymentGateway] Initiating authorization with external processor AcmePay.
2026-08-28 08:18:45 [ERROR] [PaymentGateway] Credit card authorization failed: 3DS authentication required.
2026-08-28 08:18:45 [INFO] [OrderService] Transaction tx_884924 status updated to PENDING_USER_ACTION.
2026-08-28 08:19:10 [TRACE] [OrderService] Sending 3DS step-up authentication webhook challenge to client browser.
2026-08-28 08:20:00 [INFO] [MetricsCollector] Flushing performance metrics data to Prometheus agent.
2026-08-28 08:20:01 [TRACE] [MetricsCollector] System metrics: cpu_util=11.2%, mem_util=64.8%, disk_io=0.9MB/s.
2026-08-28 08:21:05 [INFO] [CronScheduler] Job 'GenerateDailyReport' started.
2026-08-28 08:21:06 [TRACE] [ReportGenerator] Aggregating sales metrics between 2026-08-27 and 2026-08-28.
2026-08-28 08:21:10 [DEBUG] [ReportGenerator] Compiling tabular datasets into internal cache data structure.
2026-08-28 08:21:15 [INFO] [ReportGenerator] Exporting daily transaction ledger summary report to PDF artifact.
2026-08-28 08:21:20 [INFO] [CronScheduler] Job 'GenerateDailyReport' completed. Duration: 15s.
2026-08-28 08:22:33 [INFO] [UserService] User ID 99422 logged out safely.
2026-08-28 08:22:34 [TRACE] [SessionManager] Explicit session destruction triggered for user token_4412bc.
2026-08-28 08:22:35 [DEBUG] [CacheManager] Evicted active login state tracker for user 99422.
2026-08-28 08:23:44 [WARN] [ConfigProvider] Fallback configuration value applied for feature flag 'enable_new_checkout_ui'.
2026-08-28 08:24:19 [INFO] [OrderService] Order tx_884925 received. Total amount: $19.99.
2026-08-28 08:24:21 [INFO] [PaymentGateway] Payment authorized for tx_884925. Auth code: AUTH_9941.
2026-08-28 08:24:22 [INFO] [InventoryService] Stock allocated for order tx_884925.
2026-08-28 08:25:00 [INFO] [MetricsCollector] Flushing performance metrics data to Prometheus agent.
2026-08-28 08:25:01 [TRACE] [MetricsCollector] System metrics: cpu_util=10.9%, mem_util=64.9%, disk_io=1.1MB/s.
2026-08-28 08:26:02 [DEBUG] [DatabasePool] Running connection validation query: SELECT 1;.
2026-08-28 08:26:02 [TRACE] [DatabasePool] Health check response from database cluster returned successfully in 2ms.
2026-08-28 08:27:14 [INFO] [UserService] User ID 77112 logged in from IP 172.56.21.4.
2026-08-28 08:28:01 [ERROR] [DatabasePool] Connection pool depleted. Zero idle resources available. Max limit reached (20/20).
2026-08-28 08:28:02 [FATAL] [CoreEngine] Uncaught system exception: Database connection deadlock in thread pool execution group.
2026-08-28 08:28:02 [FATAL] [CoreEngine] System shutting down ungracefully. Stack trace written to dump file crash_20260828.dmp.
2026-08-28 08:28:03 [INFO] [CoreEngine] Lifecycle shutdown hook initialized. Releasing remaining handles.
2026-08-28 08:28:04 [INFO] [CacheManager] Closing active connection streams cleanly.
2026-08-28 08:28:05 [INFO] [MetricsCollector] Final pipeline push executed.
2026-08-28 08:28:06 [INFO] [CoreEngine] Application process terminated with exit status status_code=1.
